{
    "header": {
        "contents": {
            "contents": {
                "address": "fwBVDsVh8SYQy98CzYpNPcbyTRczVUZ96HszhNRB8Ve", 
                "args": [
                    {
                        "tag": "VUndefined"
                    }
                ], 
                "method": "get"
            }, 
            "tag": "Call"
        }, 
        "tag": "TxContract"
    }, 
    "origin": "fwBVDsVh8SYQy98CzYpNPcbyTRczVUZ96HszhNRB8Ve", 
    "signature": "AE4xMTUxMzY4MDA4MjA0NTY4MzM3Mzc5OTQxMjY3NzEzODYwMTUwMjYyODcwOTUwMzQ2MjU2MjM2NDQxODYyNzgxMDg5MjY2OTA3Nzk1Njc6AE05NjI2MDA3ODY5Njc0MTc1NzAzNzYxNjcxNDU3MzQ2NTQxMzA3NTY5MjE4OTM2NzA4NTM1NTAzNDI0NjEzODU5NDI2NjQzMTg4NDQ0NA=="
}