{
    "header": {
        "contents": {
            "contents": {
                "address": "fwBVDsVh8SYQy98CzYpNPcbyTRczVUZ96HszhNRB8Ve", 
                "args": [
                    {
                        "contents": 1, 
                        "tag": "VInt"
                    }
                ], 
                "method": "get"
            }, 
            "tag": "Call"
        }, 
        "tag": "TxContract"
    }, 
    "origin": "fwBVDsVh8SYQy98CzYpNPcbyTRczVUZ96HszhNRB8Ve", 
    "signature": "AE4xMTUxMzY4MDA4MjA0NTY4MzM3Mzc5OTQxMjY3NzEzODYwMTUwMjYyODcwOTUwMzQ2MjU2MjM2NDQxODYyNzgxMDg5MjY2OTA3Nzk1Njc6AE01NTUwNzEzNTQ2NDM3NjY4NjkwNTY1Mzg5OTY1MTc4MzUyNDQ4NjQyNjg5NTMyMjM4NjMyOTcyMjI3ODQ5Nzc0MjEwMTI4NjQ0NTg0MA=="
}