{
    "header": {
        "contents": {
            "contents": {
                "address": "fwBVDsVh8SYQy98CzYpNPcbyTRczVUZ96HszhNRB8Ve", 
                "args": [
                    {
                        "contents": {
                            "contents": 3.223, 
                            "tag": "Fixed3"
                        }, 
                        "precision": 3, 
                        "tag": "VFixed"
                    }
                ], 
                "method": "get"
            }, 
            "tag": "Call"
        }, 
        "tag": "TxContract"
    }, 
    "origin": "fwBVDsVh8SYQy98CzYpNPcbyTRczVUZ96HszhNRB8Ve", 
    "signature": "AE4xMTUxMzY4MDA4MjA0NTY4MzM3Mzc5OTQxMjY3NzEzODYwMTUwMjYyODcwOTUwMzQ2MjU2MjM2NDQxODYyNzgxMDg5MjY2OTA3Nzk1Njc6AEw0NjAxNDIwNjE2OTI4Mjk1MDU0ODcwMjE3MzY5NjM1NzUyMzY0NDQ3NjI1MDE5Mzc4MjEyMzQzMjE1MzA1ODU0MjkyNzUzMzM2OTY5"
}