{
    "header": {
        "contents": {
            "contents": {
                "address": "fwBVDsVh8SYQy98CzYpNPcbyTRczVUZ96HszhNRB8Ve", 
                "args": [
                    {
                        "contents": 1, 
                        "tag": "VInt"
                    }, 
                    {
                        "contents": 1, 
                        "tag": "VInt"
                    }
                ], 
                "method": "get"
            }, 
            "tag": "Call"
        }, 
        "tag": "TxContract"
    }, 
    "origin": "fwBVDsVh8SYQy98CzYpNPcbyTRczVUZ96HszhNRB8Ve", 
    "signature": "AE4xMTUxMzY4MDA4MjA0NTY4MzM3Mzc5OTQxMjY3NzEzODYwMTUwMjYyODcwOTUwMzQ2MjU2MjM2NDQxODYyNzgxMDg5MjY2OTA3Nzk1Njc6AE4xMDU1ODY1MDM4MTcxMzYzNTM5Nzk0MDAzNDY5MzI5ODYzODUwNzg3Njg3ODMwMjUwMTY3NDkyNjc5MDAzNDY0NjI4ODIxNzgyMjMzNjE="
}