{
    "header": {
        "contents": {
            "contents": {
                "address": "fwBVDsVh8SYQy98CzYpNPcbyTRczVUZ96HszhNRB8Ve", 
                "args": [
                    {
                        "contents": 1, 
                        "tag": "VInt"
                    }, 
                    {
                        "contents": 1, 
                        "tag": "VInt"
                    }, 
                    {
                        "contents": 1, 
                        "tag": "VInt"
                    }, 
                    {
                        "contents": 1, 
                        "tag": "VInt"
                    }
                ], 
                "method": "get"
            }, 
            "tag": "Call"
        }, 
        "tag": "TxContract"
    }, 
    "origin": "fwBVDsVh8SYQy98CzYpNPcbyTRczVUZ96HszhNRB8Ve", 
    "signature": "AE4xMTUxMzY4MDA4MjA0NTY4MzM3Mzc5OTQxMjY3NzEzODYwMTUwMjYyODcwOTUwMzQ2MjU2MjM2NDQxODYyNzgxMDg5MjY2OTA3Nzk1Njc6AE0yODQ1Mzg1OTA3MDc3MjQzNDMxMTAzNjE5NjQ5MzUxMzE0MzkyNTc1MDc1Njg3NTg5NDYxNjQ2MDA4NjA1MDM3MDMwODE5OTUyMDM0NA=="
}